2025-09-29 14:27:57,364 - INFO - Starting Datatilsynet scraper for years: [2025]
2025-09-29 14:27:57,365 - INFO - Collecting decisions from 2025
2025-09-29 14:27:57,951 - INFO - Found 2 decisions on page 1 for 2025
2025-09-29 14:27:59,132 - INFO - Found 2 decisions on page 2 for 2025
2025-09-29 14:28:00,350 - INFO - Found 2 decisions on page 3 for 2025
2025-09-29 14:28:01,553 - INFO - Found 2 decisions on page 4 for 2025
2025-09-29 14:28:02,733 - INFO - Found 2 decisions on page 5 for 2025
2025-09-29 14:28:03,975 - INFO - Found 2 decisions on page 6 for 2025
2025-09-29 14:28:05,149 - INFO - Found 2 decisions on page 7 for 2025
2025-09-29 14:28:06,342 - INFO - Found 2 decisions on page 8 for 2025
2025-09-29 14:28:07,519 - INFO - Found 2 decisions on page 9 for 2025
2025-09-29 14:28:08,719 - INFO - Found 2 decisions on page 10 for 2025
2025-09-29 14:28:09,902 - INFO - Found 2 decisions on page 11 for 2025
2025-09-29 14:28:11,079 - INFO - Found 2 decisions on page 12 for 2025
2025-09-29 14:28:12,447 - INFO - Found 2 decisions on page 13 for 2025
2025-09-29 14:28:13,619 - INFO - Found 2 decisions on page 14 for 2025
2025-09-29 14:28:14,863 - INFO - Found 2 decisions on page 15 for 2025
2025-09-29 14:28:16,012 - INFO - Found 2 decisions on page 16 for 2025
2025-09-29 14:28:17,186 - INFO - Found 2 decisions on page 17 for 2025
2025-09-29 14:28:18,370 - INFO - Found 2 decisions on page 18 for 2025
2025-09-29 14:28:19,546 - INFO - Found 2 decisions on page 19 for 2025
2025-09-29 14:28:20,734 - INFO - Found 2 decisions on page 20 for 2025
2025-09-29 14:28:21,953 - INFO - Found 2 decisions on page 21 for 2025
2025-09-29 14:28:23,129 - INFO - Found 2 decisions on page 22 for 2025
2025-09-29 14:28:24,313 - INFO - Found 2 decisions on page 23 for 2025
2025-09-29 14:28:25,499 - INFO - Found 2 decisions on page 24 for 2025
2025-09-29 14:28:26,514 - WARNING - Retrying (Retry(total=0, connect=None, read=False, redirect=None, status=None)) after connection broken by 'MustRedialError('Server unexpectedly closed the connection in-flight (connection dropped)')': /regelverk-og-verktoy/lover-og-regler/avgjorelser-fra-datatilsynet/?y=2025&p=25
2025-09-29 14:28:26,724 - INFO - Found 2 decisions on page 25 for 2025
2025-09-29 14:28:27,919 - INFO - Found 2 decisions on page 26 for 2025
2025-09-29 14:28:29,097 - INFO - Found 2 decisions on page 27 for 2025
2025-09-29 14:28:30,298 - INFO - Found 2 decisions on page 28 for 2025
2025-09-29 14:28:31,461 - INFO - Found 2 decisions on page 29 for 2025
2025-09-29 14:28:32,634 - INFO - Found 2 decisions on page 30 for 2025
2025-09-29 14:28:33,812 - INFO - Found 2 decisions on page 31 for 2025
2025-09-29 14:28:35,016 - INFO - Found 2 decisions on page 32 for 2025
2025-09-29 14:28:36,185 - INFO - Found 2 decisions on page 33 for 2025
2025-09-29 14:28:37,388 - INFO - Found 2 decisions on page 34 for 2025
2025-09-29 14:28:38,621 - INFO - Found 2 decisions on page 35 for 2025
2025-09-29 14:28:39,772 - INFO - Found 2 decisions on page 36 for 2025
2025-09-29 14:28:40,944 - INFO - Found 2 decisions on page 37 for 2025
2025-09-29 14:28:42,122 - INFO - Found 2 decisions on page 38 for 2025
2025-09-29 14:28:43,289 - INFO - Found 2 decisions on page 39 for 2025
2025-09-29 14:28:44,453 - INFO - Found 2 decisions on page 40 for 2025
2025-09-29 14:28:45,643 - INFO - Found 2 decisions on page 41 for 2025
2025-09-29 14:28:46,825 - INFO - Found 2 decisions on page 42 for 2025
2025-09-29 14:28:48,012 - INFO - Found 2 decisions on page 43 for 2025
2025-09-29 14:28:49,232 - INFO - Found 2 decisions on page 44 for 2025
2025-09-29 14:28:50,546 - INFO - Found 2 decisions on page 45 for 2025
2025-09-29 14:28:51,697 - INFO - Found 2 decisions on page 46 for 2025
2025-09-29 14:28:52,872 - INFO - Found 2 decisions on page 47 for 2025
2025-09-29 14:28:54,045 - INFO - Found 2 decisions on page 48 for 2025
2025-09-29 14:28:55,211 - INFO - Found 2 decisions on page 49 for 2025
2025-09-29 14:28:56,416 - INFO - Found 2 decisions on page 50 for 2025
2025-09-29 14:28:57,474 - ERROR - Error fetching https://www.datatilsynet.no/regelverk-og-verktoy/lover-og-regler/avgjorelser-fra-datatilsynet/?y=2025&p=51: 500 Server Error: Internal Server Error for url: https://www.datatilsynet.no/regelverk-og-verktoy/lover-og-regler/avgjorelser-fra-datatilsynet/?y=2025&p=51
2025-09-29 14:28:58,475 - INFO - Found 100 total decisions
2025-09-29 14:28:58,475 - INFO - Limited to 1 decisions for testing
2025-09-29 14:28:58,476 - INFO - Processing 1/1: Ulovlig deling av personopplysninger gjennom sporingspiksler hos seks nettsteder
2025-09-29 14:28:58,650 - INFO - Downloaded: vedtak-om-overtredelsesgebyr---tilsyn-med-sporingsverktoy---alarmtelefonen-116111.no.pdf
2025-09-29 14:28:59,273 - INFO - Downloaded: vedtak-om-irettesettelse--tilsyn-med-sporingsverktoy--apotekfordeg-as.pdf
2025-09-29 14:28:59,751 - INFO - Downloaded: vedtak-om-irettesettelse--tilsyn-med-sporingsverktoy--det-norske-bibelselskap.pdf
2025-09-29 14:29:00,348 - INFO - Downloaded: vedtak-om-irettesettelse--tilsyn-med-sporingsverktoy--dr.dropin-as.pdf
2025-09-29 14:29:00,888 - INFO - Downloaded: vedtak-om-irettesettelse---tilsyn-med-sporingsverktoy---kirkens-bymisjon.pdf
2025-09-29 14:29:01,338 - INFO - Downloaded: vedtak-om-irettesettelse--tilsyn-med-sporingsverktoy--norsk-helseinformatikk-as-nhi.pdf
2025-09-29 14:29:02,048 - INFO - Downloaded: etiske-retningslinjer-dt-8-mai-2024.pdf
2025-09-29 14:29:02,230 - INFO - Downloaded: slik-bruker-datatilsynet-kunstig-intelligens-pa-nettsiden.pdf
2025-09-29 14:29:04,281 - INFO - CSV saved with 146 rows to datatilsynet_test\datatilsynet_decisions_20250929_142904.csv
2025-09-29 14:29:04,281 - INFO - Scraping completed! Processed 1 decisions
2025-09-29 14:29:04,281 - INFO - Data saved to: datatilsynet_test\datatilsynet_decisions_20250929_142904.csv
2025-09-29 14:36:07,631 - INFO - Starting Datatilsynet scraper for years: [2025]
2025-09-29 14:36:07,631 - INFO - Running in MAP-ONLY mode (no PDF downloads)
2025-09-29 14:36:07,631 - INFO - Collecting decisions from 2025
2025-09-29 14:36:08,100 - INFO - Found 2 decisions on page 1 for 2025
2025-09-29 14:36:09,293 - INFO - Found 2 decisions on page 2 for 2025
2025-09-29 14:36:10,490 - INFO - Found 2 decisions on page 3 for 2025
2025-09-29 14:36:11,679 - INFO - Found 2 decisions on page 4 for 2025
2025-09-29 14:36:12,866 - INFO - Found 2 decisions on page 5 for 2025
2025-09-29 14:36:14,055 - INFO - Found 2 decisions on page 6 for 2025
2025-09-29 14:36:15,206 - INFO - Found 2 decisions on page 7 for 2025
2025-09-29 14:36:16,399 - INFO - Found 2 decisions on page 8 for 2025
2025-09-29 14:36:17,609 - INFO - Found 2 decisions on page 9 for 2025
2025-09-29 14:36:18,803 - INFO - Found 2 decisions on page 10 for 2025
2025-09-29 14:36:19,993 - INFO - Found 2 decisions on page 11 for 2025
2025-09-29 14:36:21,157 - INFO - Found 2 decisions on page 12 for 2025
2025-09-29 14:36:22,343 - INFO - Found 2 decisions on page 13 for 2025
2025-09-29 14:36:23,534 - INFO - Found 2 decisions on page 14 for 2025
2025-09-29 14:36:24,717 - INFO - Found 2 decisions on page 15 for 2025
2025-09-29 14:36:25,894 - INFO - Found 2 decisions on page 16 for 2025
2025-09-29 14:36:27,055 - INFO - Found 2 decisions on page 17 for 2025
2025-09-29 14:36:28,224 - INFO - Found 2 decisions on page 18 for 2025
2025-09-29 14:36:29,423 - INFO - Found 2 decisions on page 19 for 2025
2025-09-29 14:36:30,705 - INFO - Found 2 decisions on page 20 for 2025
2025-09-29 14:36:31,892 - INFO - Found 2 decisions on page 21 for 2025
2025-09-29 14:36:33,067 - INFO - Found 2 decisions on page 22 for 2025
2025-09-29 14:36:34,250 - INFO - Found 2 decisions on page 23 for 2025
2025-09-29 14:36:35,412 - INFO - Found 2 decisions on page 24 for 2025
2025-09-29 14:36:36,591 - INFO - Found 2 decisions on page 25 for 2025
2025-09-29 14:36:37,783 - INFO - Found 2 decisions on page 26 for 2025
2025-09-29 14:36:38,960 - INFO - Found 2 decisions on page 27 for 2025
2025-09-29 14:36:40,125 - INFO - Found 2 decisions on page 28 for 2025
2025-09-29 14:36:41,297 - INFO - Found 2 decisions on page 29 for 2025
2025-09-29 14:36:42,479 - INFO - Found 2 decisions on page 30 for 2025
2025-09-29 14:36:43,664 - INFO - Found 2 decisions on page 31 for 2025
2025-09-29 14:36:44,871 - INFO - Found 2 decisions on page 32 for 2025
2025-09-29 14:36:46,057 - INFO - Found 2 decisions on page 33 for 2025
2025-09-29 14:36:47,242 - INFO - Found 2 decisions on page 34 for 2025
2025-09-29 14:36:48,724 - INFO - Found 2 decisions on page 35 for 2025
2025-09-29 14:36:50,483 - INFO - Found 2 decisions on page 36 for 2025
2025-09-29 14:36:51,934 - INFO - Found 2 decisions on page 37 for 2025
2025-09-29 14:36:53,291 - INFO - Found 2 decisions on page 38 for 2025
2025-09-29 14:36:54,496 - INFO - Found 2 decisions on page 39 for 2025
2025-09-29 14:36:55,687 - INFO - Found 2 decisions on page 40 for 2025
2025-09-29 14:36:57,011 - INFO - Found 2 decisions on page 41 for 2025
2025-09-29 14:36:58,189 - INFO - Found 2 decisions on page 42 for 2025
2025-09-29 14:36:59,450 - INFO - Found 2 decisions on page 43 for 2025
2025-09-29 14:37:00,751 - INFO - Found 2 decisions on page 44 for 2025
2025-09-29 14:37:01,953 - INFO - Found 2 decisions on page 45 for 2025
2025-09-29 14:37:03,125 - INFO - Found 2 decisions on page 46 for 2025
2025-09-29 14:37:04,308 - INFO - Found 2 decisions on page 47 for 2025
2025-09-29 14:37:05,480 - INFO - Found 2 decisions on page 48 for 2025
2025-09-29 14:37:06,662 - INFO - Found 2 decisions on page 49 for 2025
2025-09-29 14:37:07,860 - INFO - Found 2 decisions on page 50 for 2025
2025-09-29 14:37:08,936 - ERROR - Error fetching https://www.datatilsynet.no/regelverk-og-verktoy/lover-og-regler/avgjorelser-fra-datatilsynet/?y=2025&p=51: 500 Server Error: Internal Server Error for url: https://www.datatilsynet.no/regelverk-og-verktoy/lover-og-regler/avgjorelser-fra-datatilsynet/?y=2025&p=51
2025-09-29 14:37:09,937 - INFO - Found 100 total decisions
2025-09-29 14:37:09,937 - INFO - Limited to 2 decisions for testing
2025-09-29 14:37:09,937 - INFO - Processing 1/2: Ulovlig deling av personopplysninger gjennom sporingspiksler hos seks nettsteder
2025-09-29 14:37:12,038 - INFO - Processing 2/2: Telenor ASA er ilagt sanksjoner for mangler ved personvernombudsordning og internkontroll
2025-09-29 14:37:14,136 - INFO - Mapping CSV saved with 2 rows to datatilsynet_map_test\datatilsynet_mapping_20250929_143714.csv
2025-09-29 14:37:14,136 - INFO - Scraping completed! Processed 2 decisions
2025-09-29 14:37:14,136 - INFO - Data saved to: datatilsynet_map_test\datatilsynet_mapping_20250929_143714.csv
2025-09-29 14:49:33,900 - INFO - Starting Datatilsynet scraper for years: [2025]
2025-09-29 14:49:33,901 - INFO - Running in MAP-ONLY mode (no PDF downloads)
2025-09-29 14:49:33,901 - INFO - Collecting decisions from 2025
2025-09-29 14:49:34,517 - INFO - Found 2 decisions on page 1 for 2025
2025-09-29 14:49:34,718 - INFO - Found 2 total decisions
2025-09-29 14:49:34,718 - INFO - Limited to 2 decisions for testing
2025-09-29 14:49:34,718 - INFO - Processing 1/2: Ulovlig deling av personopplysninger gjennom sporingspiksler hos seks nettsteder
2025-09-29 14:49:36,810 - INFO - Processing 2/2: Telenor ASA er ilagt sanksjoner for mangler ved personvernombudsordning og internkontroll
2025-09-29 14:49:38,922 - INFO - Mapping CSV saved with 2 rows to datatilsynet_map_test2\datatilsynet_mapping_20250929_144938.csv
2025-09-29 14:49:38,922 - INFO - Scraping completed! Processed 2 decisions
2025-09-29 14:49:38,923 - INFO - Data saved to: datatilsynet_map_test2\datatilsynet_mapping_20250929_144938.csv
